e:\source\repos\gstd\x64\debug\gstd.lib
e:\source\repos\gstd\s.gstd\x64\debug\exec_impl.cppm.ifc
e:\source\repos\gstd\s.gstd\x64\debug\exec_impl.cppm.ifc.d.json
e:\source\repos\gstd\s.gstd\x64\debug\exec_impl.obj
e:\source\repos\gstd\s.gstd\x64\debug\channel.cppm.ifc
e:\source\repos\gstd\s.gstd\x64\debug\channel.cppm.ifc.d.json
e:\source\repos\gstd\s.gstd\x64\debug\channel.obj
e:\source\repos\gstd\s.gstd\x64\debug\write_text.cppm.ifc
e:\source\repos\gstd\s.gstd\x64\debug\write_text.cppm.ifc.d.json
e:\source\repos\gstd\s.gstd\x64\debug\write_text.obj
e:\source\repos\gstd\s.gstd\x64\debug\utf8.cppm.ifc
e:\source\repos\gstd\s.gstd\x64\debug\utf8.cppm.ifc.d.json
e:\source\repos\gstd\s.gstd\x64\debug\utf8.obj
e:\source\repos\gstd\s.gstd\x64\debug\read_text.cppm.ifc
e:\source\repos\gstd\s.gstd\x64\debug\read_text.cppm.ifc.d.json
e:\source\repos\gstd\s.gstd\x64\debug\read_text.obj
e:\source\repos\gstd\s.gstd\x64\debug\concepts.cppm.ifc
e:\source\repos\gstd\s.gstd\x64\debug\concepts.cppm.ifc.d.json
e:\source\repos\gstd\s.gstd\x64\debug\concepts.obj
e:\source\repos\gstd\s.gstd\x64\debug\read_lines.cppm.ifc
e:\source\repos\gstd\s.gstd\x64\debug\read_lines.cppm.ifc.d.json
e:\source\repos\gstd\s.gstd\x64\debug\read_lines.obj
e:\source\repos\gstd\s.gstd\x64\debug\linereader.cppm.ifc
e:\source\repos\gstd\s.gstd\x64\debug\linereader.cppm.ifc.d.json
e:\source\repos\gstd\s.gstd\x64\debug\linereader.obj
e:\source\repos\gstd\s.gstd\x64\debug\read_file.cppm.ifc
e:\source\repos\gstd\s.gstd\x64\debug\read_file.cppm.ifc.d.json
e:\source\repos\gstd\s.gstd\x64\debug\read_file.obj
e:\source\repos\gstd\s.gstd\x64\debug\thread_pool.cppm.ifc
e:\source\repos\gstd\s.gstd\x64\debug\thread_pool.cppm.ifc.d.json
e:\source\repos\gstd\s.gstd\x64\debug\thread_pool.obj
e:\source\repos\gstd\s.gstd\x64\debug\list_dir.cppm.ifc
e:\source\repos\gstd\s.gstd\x64\debug\list_dir.cppm.ifc.d.json
e:\source\repos\gstd\s.gstd\x64\debug\list_dir.obj
e:\source\repos\gstd\s.gstd\x64\debug\sequence.cppm.ifc
e:\source\repos\gstd\s.gstd\x64\debug\sequence.cppm.ifc.d.json
e:\source\repos\gstd\s.gstd\x64\debug\sequence.obj
e:\source\repos\gstd\s.gstd\x64\debug\io_scheduler.cppm.ifc
e:\source\repos\gstd\s.gstd\x64\debug\io_scheduler.cppm.ifc.d.json
e:\source\repos\gstd\s.gstd\x64\debug\io_scheduler.obj
e:\source\repos\gstd\s.gstd\x64\debug\pipes_impl.cppm.ifc
e:\source\repos\gstd\s.gstd\x64\debug\pipes_impl.cppm.ifc.d.json
e:\source\repos\gstd\s.gstd\x64\debug\pipes_impl.obj
e:\source\repos\gstd\s.gstd\x64\debug\writer.cppm.ifc
e:\source\repos\gstd\s.gstd\x64\debug\writer.cppm.ifc.d.json
e:\source\repos\gstd\s.gstd\x64\debug\writer.obj
e:\source\repos\gstd\s.gstd\x64\debug\exec.cppm.ifc
e:\source\repos\gstd\s.gstd\x64\debug\exec.cppm.ifc.d.json
e:\source\repos\gstd\s.gstd\x64\debug\exec.obj
e:\source\repos\gstd\s.gstd\x64\debug\gstd.cppm.ifc
e:\source\repos\gstd\s.gstd\x64\debug\gstd.cppm.ifc.d.json
e:\source\repos\gstd\s.gstd\x64\debug\gstd.obj
e:\source\repos\gstd\s.gstd\x64\debug\string_reader.cppm.ifc
e:\source\repos\gstd\s.gstd\x64\debug\string_reader.cppm.ifc.d.json
e:\source\repos\gstd\s.gstd\x64\debug\string_reader.obj
e:\source\repos\gstd\s.gstd\x64\debug\task.cppm.ifc
e:\source\repos\gstd\s.gstd\x64\debug\task.cppm.ifc.d.json
e:\source\repos\gstd\s.gstd\x64\debug\task.obj
e:\source\repos\gstd\s.gstd\x64\debug\sync_console_writer.cppm.ifc
e:\source\repos\gstd\s.gstd\x64\debug\sync_console_writer.cppm.ifc.d.json
e:\source\repos\gstd\s.gstd\x64\debug\sync_console_writer.obj
e:\source\repos\gstd\s.gstd\x64\debug\file_impl.cppm.ifc
e:\source\repos\gstd\s.gstd\x64\debug\file_impl.cppm.ifc.d.json
e:\source\repos\gstd\s.gstd\x64\debug\file_impl.obj
e:\source\repos\gstd\s.gstd\x64\debug\path.cppm.ifc
e:\source\repos\gstd\s.gstd\x64\debug\path.cppm.ifc.d.json
e:\source\repos\gstd\s.gstd\x64\debug\path.obj
e:\source\repos\gstd\s.gstd\x64\debug\strconv.cppm.ifc
e:\source\repos\gstd\s.gstd\x64\debug\strconv.cppm.ifc.d.json
e:\source\repos\gstd\s.gstd\x64\debug\strconv.obj
e:\source\repos\gstd\s.gstd\x64\debug\co.cppm.ifc
e:\source\repos\gstd\s.gstd\x64\debug\co.cppm.ifc.d.json
e:\source\repos\gstd\s.gstd\x64\debug\co.obj
e:\source\repos\gstd\s.gstd\x64\debug\microsoft\stl\std.compat.ixx.ifc
e:\source\repos\gstd\s.gstd\x64\debug\microsoft\stl\std.compat.ixx.ifc.d.json
e:\source\repos\gstd\s.gstd\x64\debug\microsoft\stl\std.compat.ixx.obj
e:\source\repos\gstd\s.gstd\x64\debug\reader.cppm.ifc
e:\source\repos\gstd\s.gstd\x64\debug\reader.cppm.ifc.d.json
e:\source\repos\gstd\s.gstd\x64\debug\reader.obj
e:\source\repos\gstd\s.gstd\x64\debug\testing.cppm.ifc
e:\source\repos\gstd\s.gstd\x64\debug\testing.cppm.ifc.d.json
e:\source\repos\gstd\s.gstd\x64\debug\testing.obj
e:\source\repos\gstd\s.gstd\x64\debug\lines.cppm.ifc
e:\source\repos\gstd\s.gstd\x64\debug\lines.cppm.ifc.d.json
e:\source\repos\gstd\s.gstd\x64\debug\lines.obj
e:\source\repos\gstd\s.gstd\x64\debug\pipes.cppm.ifc
e:\source\repos\gstd\s.gstd\x64\debug\pipes.cppm.ifc.d.json
e:\source\repos\gstd\s.gstd\x64\debug\pipes.obj
e:\source\repos\gstd\s.gstd\x64\debug\string_writer.cppm.ifc
e:\source\repos\gstd\s.gstd\x64\debug\string_writer.cppm.ifc.d.json
e:\source\repos\gstd\s.gstd\x64\debug\string_writer.obj
e:\source\repos\gstd\s.gstd\x64\debug\string.cppm.ifc
e:\source\repos\gstd\s.gstd\x64\debug\string.cppm.ifc.d.json
e:\source\repos\gstd\s.gstd\x64\debug\string.obj
e:\source\repos\gstd\s.gstd\x64\debug\file.cppm.ifc
e:\source\repos\gstd\s.gstd\x64\debug\file.cppm.ifc.d.json
e:\source\repos\gstd\s.gstd\x64\debug\file.obj
e:\source\repos\gstd\s.gstd\x64\debug\linewriter.cppm.ifc
e:\source\repos\gstd\s.gstd\x64\debug\linewriter.cppm.ifc.d.json
e:\source\repos\gstd\s.gstd\x64\debug\linewriter.obj
e:\source\repos\gstd\s.gstd\x64\debug\microsoft\stl\std.ixx.ifc
e:\source\repos\gstd\s.gstd\x64\debug\microsoft\stl\std.ixx.ifc.d.json
e:\source\repos\gstd\s.gstd\x64\debug\microsoft\stl\std.ixx.obj
e:\source\repos\gstd\s.gstd\x64\debug\registry.cppm.ifc
e:\source\repos\gstd\s.gstd\x64\debug\registry.cppm.ifc.d.json
e:\source\repos\gstd\s.gstd\x64\debug\registry.obj
e:\source\repos\gstd\s.gstd\x64\debug\path.cppm.module.json
e:\source\repos\gstd\s.gstd\x64\debug\microsoft\stl\std.ixx.module.json
e:\source\repos\gstd\s.gstd\x64\debug\strconv.cppm.module.json
e:\source\repos\gstd\s.gstd\x64\debug\sequence.cppm.module.json
e:\source\repos\gstd\s.gstd\x64\debug\writer.cppm.module.json
e:\source\repos\gstd\s.gstd\x64\debug\sync_console_writer.cppm.module.json
e:\source\repos\gstd\s.gstd\x64\debug\reader.cppm.module.json
e:\source\repos\gstd\s.gstd\x64\debug\channel.cppm.module.json
e:\source\repos\gstd\s.gstd\x64\debug\thread_pool.cppm.module.json
e:\source\repos\gstd\s.gstd\x64\debug\exec_impl.cppm.module.json
e:\source\repos\gstd\s.gstd\x64\debug\utf8.cppm.module.json
e:\source\repos\gstd\s.gstd\x64\debug\pipes.cppm.module.json
e:\source\repos\gstd\s.gstd\x64\debug\linereader.cppm.module.json
e:\source\repos\gstd\s.gstd\x64\debug\co.cppm.module.json
e:\source\repos\gstd\s.gstd\x64\debug\linewriter.cppm.module.json
e:\source\repos\gstd\s.gstd\x64\debug\list_dir.cppm.module.json
e:\source\repos\gstd\s.gstd\x64\debug\file.cppm.module.json
e:\source\repos\gstd\s.gstd\x64\debug\exec.cppm.module.json
e:\source\repos\gstd\s.gstd\x64\debug\string_writer.cppm.module.json
e:\source\repos\gstd\s.gstd\x64\debug\read_file.cppm.module.json
e:\source\repos\gstd\s.gstd\x64\debug\write_text.cppm.module.json
e:\source\repos\gstd\s.gstd\x64\debug\string.cppm.module.json
e:\source\repos\gstd\s.gstd\x64\debug\io_scheduler.cppm.module.json
e:\source\repos\gstd\s.gstd\x64\debug\read_lines.cppm.module.json
e:\source\repos\gstd\s.gstd\x64\debug\string_reader.cppm.module.json
e:\source\repos\gstd\s.gstd\x64\debug\pipes_impl.cppm.module.json
e:\source\repos\gstd\s.gstd\x64\debug\microsoft\stl\std.compat.ixx.module.json
e:\source\repos\gstd\s.gstd\x64\debug\concepts.cppm.module.json
e:\source\repos\gstd\s.gstd\x64\debug\read_text.cppm.module.json
e:\source\repos\gstd\s.gstd\x64\debug\testing.cppm.module.json
e:\source\repos\gstd\s.gstd\x64\debug\lines.cppm.module.json
e:\source\repos\gstd\s.gstd\x64\debug\gstd.cppm.module.json
e:\source\repos\gstd\s.gstd\x64\debug\file_impl.cppm.module.json
e:\source\repos\gstd\s.gstd\x64\debug\task.cppm.module.json
e:\source\repos\gstd\s.gstd\x64\debug\registry.cppm.module.json
e:\source\repos\gstd\x64\debug\gstd.pdb
e:\source\repos\gstd\s.gstd\x64\debug\gstd.tlog\cl.command.1.tlog
e:\source\repos\gstd\s.gstd\x64\debug\gstd.tlog\cl.items.tlog
e:\source\repos\gstd\s.gstd\x64\debug\gstd.tlog\lib-link.read.1.tlog
e:\source\repos\gstd\s.gstd\x64\debug\gstd.tlog\lib-link.write.1.tlog
e:\source\repos\gstd\s.gstd\x64\debug\gstd.tlog\lib.command.1.tlog
e:\source\repos\gstd\s.gstd\x64\debug\gstd.tlog\microsoft.build.cpptasks.cl.read.1.tlog
e:\source\repos\gstd\s.gstd\x64\debug\gstd.tlog\microsoft.build.cpptasks.cl.write.1.tlog
e:\source\repos\gstd\s.gstd\x64\debug\gstd_md.tlog\cl.command.1.tlog
e:\source\repos\gstd\s.gstd\x64\debug\gstd_md.tlog\microsoft.build.cpptasks.cl.read.1.tlog
e:\source\repos\gstd\s.gstd\x64\debug\gstd_md.tlog\microsoft.build.cpptasks.cl.write.1.tlog
